// Vitest Snapshot v1, https://vitest.dev/guide/snapshot.html

exports[`components/SearchForm > renders correctly 1`] = `
<div>
  <form
    class="search-form"
  >
    <fieldset
      class="search-form-fieldset"
    >
      <div
        class="form-group"
      >
        <label
          class="form-label"
        >
          –í–∞—à –ø–æ–ª
        </label>
        <div
          class="radio-group"
        >
          <label
            class="radio-item "
          >
            <input
              name="myGender"
              type="radio"
              value="male"
            />
            üë® –ú—É–∂—Å–∫–æ–π
          </label>
          <label
            class="radio-item "
          >
            <input
              name="myGender"
              type="radio"
              value="female"
            />
            üë© –ñ–µ–Ω—Å–∫–∏–π
          </label>
        </div>
      </div>
      <div
        class="form-group"
      >
        <label
          class="form-label"
          for="myAge"
        >
          –í–∞—à –≤–æ–∑—Ä–∞—Å—Ç
        </label>
        <input
          class="form-input"
          id="myAge"
          max="100"
          min="18"
          name="myAge"
          placeholder="–í–≤–µ–¥–∏—Ç–µ –≤–∞—à –≤–æ–∑—Ä–∞—Å—Ç"
          type="number"
          value=""
        />
      </div>
      <div
        class="form-group"
      >
        <label
          class="form-label"
        >
          –ü–æ–ª —Å–æ–±–µ—Å–µ–¥–Ω–∏–∫–∞
        </label>
        <div
          class="radio-group"
        >
          <label
            class="radio-item "
          >
            <input
              name="targetGender"
              type="radio"
              value="male"
            />
            üë® –ú—É–∂—Å–∫–æ–π
          </label>
          <label
            class="radio-item "
          >
            <input
              name="targetGender"
              type="radio"
              value="female"
            />
            üë© –ñ–µ–Ω—Å–∫–∏–π
          </label>
          <label
            class="radio-item "
          >
            <input
              name="targetGender"
              type="radio"
              value="any"
            />
            ü§ù –õ—é–±–æ–π
          </label>
        </div>
      </div>
      <div
        class="form-group"
      >
        <label
          class="form-label"
        >
          –í–æ–∑—Ä–∞—Å—Ç —Å–æ–±–µ—Å–µ–¥–Ω–∏–∫–∞
        </label>
        <div
          class="age-range"
        >
          <div>
            <input
              class="form-input"
              max="100"
              min="18"
              name="targetAgeMin"
              placeholder="–û—Ç"
              type="number"
              value=""
            />
          </div>
          <div>
            <input
              class="form-input"
              max="100"
              min="18"
              name="targetAgeMax"
              placeholder="–î–æ"
              type="number"
              value=""
            />
          </div>
        </div>
      </div>
      <div
        class="form-group"
      >
        <label
          class="checkbox-item "
        >
          <input
            name="useLocation"
            type="checkbox"
          />
          <span
            style="color: var(--tg-theme-text-color, #000);"
          >
            üìç –ò—Å–∫–∞—Ç—å –±–ª–∏–∂–∞–π—à–∏—Ö —Å–æ–±–µ—Å–µ–¥–Ω–∏–∫–æ–≤
          </span>
        </label>
      </div>
      <button
        class="submit-button"
        disabled=""
        type="submit"
      >
        üí¨ –ù–∞—á–∞—Ç—å –ø–æ–∏—Å–∫
      </button>
      <div
        style="margin-top: 16px; font-size: 14px; color: var(--tg-theme-hint-color, #999); text-align: center;"
      >
        –ó–∞–ø—É—Å—Ç–∏—Ç–µ —á–µ—Ä–µ–∑ Telegram –¥–ª—è –ø–æ–ª–Ω–æ–≥–æ —Ñ—É–Ω–∫—Ü–∏–æ–Ω–∞–ª–∞
      </div>
    </fieldset>
  </form>
</div>
`;
